Caused by: doing something important
    at /Users/rdeusser/src/stacktrace/stacktrace_test.go:17 (github.com/rdeusser/stacktrace.callee)
    at /Users/rdeusser/src/stacktrace/stacktrace_test.go:21 (github.com/rdeusser/stacktrace.TestPropagate)
    at /usr/local/Cellar/go1.18/1.18/libexec/src/testing/testing.go:1439 (testing.tRunner)

Caused by: unmarshaling json <-- json: cannot unmarshal json array to something or other
    at /Users/rdeusser/src/stacktrace/stacktrace_test.go:12 (github.com/rdeusser/stacktrace.caller)
    at /Users/rdeusser/src/stacktrace/stacktrace_test.go:16 (github.com/rdeusser/stacktrace.callee)
    at /Users/rdeusser/src/stacktrace/stacktrace_test.go:21 (github.com/rdeusser/stacktrace.TestPropagate)
    at /usr/local/Cellar/go1.18/1.18/libexec/src/testing/testing.go:1439 (testing.tRunner)
